2026-01-21 22:00:49.627 [info] Extension host with pid 125581 started
2026-01-21 22:00:49.657 [info] ExtensionService#_doActivateExtension vscode.github-authentication, startup: false, activationEvent: 'onAuthenticationRequest:github'
2026-01-21 22:00:49.733 [info] ExtensionService#_doActivateExtension vscode.emmet, startup: false, activationEvent: 'onLanguage'
2026-01-21 22:00:50.105 [info] ExtensionService#_doActivateExtension vscode.git-base, startup: true, activationEvent: '*', root cause: vscode.git
2026-01-21 22:00:50.272 [info] ExtensionService#_doActivateExtension vscode.git, startup: true, activationEvent: '*'
2026-01-21 22:00:50.672 [info] ExtensionService#_doActivateExtension vscode.github, startup: true, activationEvent: '*'
2026-01-21 22:00:50.983 [info] Eager extensions activated
2026-01-21 22:00:50.995 [info] ExtensionService#_doActivateExtension vscode.debug-auto-launch, startup: false, activationEvent: 'onStartupFinished'
2026-01-21 22:00:51.000 [info] ExtensionService#_doActivateExtension vscode.merge-conflict, startup: false, activationEvent: 'onStartupFinished'
2026-01-21 22:00:58.616 [info] Extension host terminating: renderer closed the MessagePort
2026-01-21 22:00:58.638 [info] Extension host with pid 125581 exiting with code 0
2026-01-21 22:01:01.579 [info] Extension host with pid 126145 started
2026-01-21 22:01:01.579 [info] Skipping acquiring lock for /home/fxp/.config/Code - OSS/User/workspaceStorage/7815b0bea539db1524e0fa46e078545d.
2026-01-21 22:01:01.644 [info] ExtensionService#_doActivateExtension vscode.github-authentication, startup: false, activationEvent: 'onAuthenticationRequest:github'
2026-01-21 22:01:01.737 [info] ExtensionService#_doActivateExtension vscode.emmet, startup: false, activationEvent: 'onLanguage'
2026-01-21 22:01:01.921 [info] ExtensionService#_doActivateExtension vscode.git-base, startup: true, activationEvent: '*'
2026-01-21 22:01:01.975 [info] ExtensionService#_doActivateExtension vscode.github, startup: true, activationEvent: '*'
2026-01-21 22:01:02.194 [info] Eager extensions activated
2026-01-21 22:01:02.399 [info] ExtensionService#_doActivateExtension vscode.debug-auto-launch, startup: false, activationEvent: 'onStartupFinished'
2026-01-21 22:01:02.407 [info] ExtensionService#_doActivateExtension vscode.merge-conflict, startup: false, activationEvent: 'onStartupFinished'
2026-01-21 22:01:04.617 [info] ExtensionService#_doActivateExtension vscode.git, startup: false, activationEvent: 'api', root cause: vscode.github
2026-01-21 22:01:08.423 [info] ExtensionService#_doActivateExtension vscode.extension-editing, startup: false, activationEvent: 'onLanguage:markdown'
2026-01-21 22:01:08.454 [info] ExtensionService#_doActivateExtension vscode.markdown-language-features, startup: false, activationEvent: 'onLanguage:markdown'
2026-01-21 22:01:10.112 [info] ExtensionService#_doActivateExtension vscode.markdown-math, startup: false, activationEvent: 'api', root cause: vscode.markdown-language-features
2026-01-21 22:03:50.554 [warning] [Decorations] CAPPING events from decorations provider vscode.git 253
2026-01-21 22:03:55.665 [warning] [Decorations] CAPPING events from decorations provider vscode.git 279
2026-01-21 22:04:00.752 [warning] [Decorations] CAPPING events from decorations provider vscode.git 279
2026-01-21 22:04:05.842 [warning] [Decorations] CAPPING events from decorations provider vscode.git 279
2026-01-21 22:04:10.950 [warning] [Decorations] CAPPING events from decorations provider vscode.git 281
2026-01-21 22:04:16.061 [warning] [Decorations] CAPPING events from decorations provider vscode.git 283
2026-01-21 22:04:21.179 [warning] [Decorations] CAPPING events from decorations provider vscode.git 285
2026-01-21 22:04:25.550 [info] ExtensionService#_doActivateExtension PKief.material-icon-theme, startup: false, activationEvent: 'onStartupFinished'
2026-01-21 22:04:26.299 [warning] [Decorations] CAPPING events from decorations provider vscode.git 286
2026-01-21 22:04:27.478 [info] ExtensionService#_doActivateExtension vscode.configuration-editing, startup: false, activationEvent: 'onLanguage:jsonc'
2026-01-21 22:04:27.503 [info] ExtensionService#_doActivateExtension vscode.json-language-features, startup: false, activationEvent: 'onLanguage:jsonc'
2026-01-21 22:04:27.651 [info] ExtensionService#_doActivateExtension vscode.typescript-language-features, startup: false, activationEvent: 'onLanguage:jsonc'
2026-01-21 22:04:31.390 [warning] [Decorations] CAPPING events from decorations provider vscode.git 287
2026-01-21 22:04:36.568 [warning] [Decorations] CAPPING events from decorations provider vscode.git 287
2026-01-21 22:04:41.662 [warning] [Decorations] CAPPING events from decorations provider vscode.git 287
2026-01-21 22:04:46.776 [warning] [Decorations] CAPPING events from decorations provider vscode.git 287
2026-01-21 22:04:51.880 [warning] [Decorations] CAPPING events from decorations provider vscode.git 288
2026-01-21 22:04:56.979 [warning] [Decorations] CAPPING events from decorations provider vscode.git 288
2026-01-21 22:05:02.076 [warning] [Decorations] CAPPING events from decorations provider vscode.git 288
2026-01-21 22:05:07.172 [warning] [Decorations] CAPPING events from decorations provider vscode.git 289
2026-01-21 22:05:12.276 [warning] [Decorations] CAPPING events from decorations provider vscode.git 289
2026-01-21 22:05:17.379 [warning] [Decorations] CAPPING events from decorations provider vscode.git 289
2026-01-21 22:05:22.469 [warning] [Decorations] CAPPING events from decorations provider vscode.git 289
2026-01-21 22:05:27.567 [warning] [Decorations] CAPPING events from decorations provider vscode.git 289
2026-01-21 22:05:32.662 [warning] [Decorations] CAPPING events from decorations provider vscode.git 289
2026-01-21 22:05:37.754 [warning] [Decorations] CAPPING events from decorations provider vscode.git 289
2026-01-21 22:05:42.841 [warning] [Decorations] CAPPING events from decorations provider vscode.git 289
2026-01-21 22:05:47.938 [warning] [Decorations] CAPPING events from decorations provider vscode.git 289
2026-01-21 22:05:53.044 [warning] [Decorations] CAPPING events from decorations provider vscode.git 290
2026-01-21 22:05:58.145 [warning] [Decorations] CAPPING events from decorations provider vscode.git 290
2026-01-21 22:06:03.291 [warning] [Decorations] CAPPING events from decorations provider vscode.git 290
2026-01-21 22:06:08.392 [warning] [Decorations] CAPPING events from decorations provider vscode.git 290
2026-01-21 22:06:13.490 [warning] [Decorations] CAPPING events from decorations provider vscode.git 290
2026-01-21 22:06:18.599 [warning] [Decorations] CAPPING events from decorations provider vscode.git 290
2026-01-21 22:06:23.700 [warning] [Decorations] CAPPING events from decorations provider vscode.git 290
2026-01-21 22:06:28.791 [warning] [Decorations] CAPPING events from decorations provider vscode.git 292
2026-01-21 22:06:33.887 [warning] [Decorations] CAPPING events from decorations provider vscode.git 292
2026-01-21 22:06:38.988 [warning] [Decorations] CAPPING events from decorations provider vscode.git 293
2026-01-21 22:06:44.088 [warning] [Decorations] CAPPING events from decorations provider vscode.git 293
2026-01-21 22:06:49.178 [warning] [Decorations] CAPPING events from decorations provider vscode.git 293
2026-01-21 22:06:54.349 [warning] [Decorations] CAPPING events from decorations provider vscode.git 293
2026-01-21 22:06:59.478 [warning] [Decorations] CAPPING events from decorations provider vscode.git 294
2026-01-21 22:07:04.574 [warning] [Decorations] CAPPING events from decorations provider vscode.git 294
2026-01-21 22:07:09.670 [warning] [Decorations] CAPPING events from decorations provider vscode.git 294
2026-01-21 22:07:14.776 [warning] [Decorations] CAPPING events from decorations provider vscode.git 296
2026-01-21 22:07:19.913 [warning] [Decorations] CAPPING events from decorations provider vscode.git 296
2026-01-21 22:07:25.003 [warning] [Decorations] CAPPING events from decorations provider vscode.git 297
2026-01-21 22:07:30.104 [warning] [Decorations] CAPPING events from decorations provider vscode.git 296
2026-01-21 22:07:35.193 [warning] [Decorations] CAPPING events from decorations provider vscode.git 297
2026-01-21 22:07:40.337 [warning] [Decorations] CAPPING events from decorations provider vscode.git 297
2026-01-21 22:07:45.432 [warning] [Decorations] CAPPING events from decorations provider vscode.git 298
2026-01-21 22:07:50.520 [warning] [Decorations] CAPPING events from decorations provider vscode.git 298
2026-01-21 22:07:55.607 [warning] [Decorations] CAPPING events from decorations provider vscode.git 298
2026-01-21 22:08:00.717 [warning] [Decorations] CAPPING events from decorations provider vscode.git 298
2026-01-21 22:08:05.813 [warning] [Decorations] CAPPING events from decorations provider vscode.git 298
2026-01-21 22:08:10.902 [warning] [Decorations] CAPPING events from decorations provider vscode.git 298
2026-01-21 22:08:15.989 [warning] [Decorations] CAPPING events from decorations provider vscode.git 298
2026-01-21 22:08:21.081 [warning] [Decorations] CAPPING events from decorations provider vscode.git 298
2026-01-21 22:08:26.166 [warning] [Decorations] CAPPING events from decorations provider vscode.git 298
2026-01-21 22:08:31.260 [warning] [Decorations] CAPPING events from decorations provider vscode.git 298
2026-01-21 22:08:36.346 [warning] [Decorations] CAPPING events from decorations provider vscode.git 298
2026-01-21 22:08:41.438 [warning] [Decorations] CAPPING events from decorations provider vscode.git 298
2026-01-21 22:08:46.528 [warning] [Decorations] CAPPING events from decorations provider vscode.git 298
2026-01-21 22:08:51.619 [warning] [Decorations] CAPPING events from decorations provider vscode.git 298
2026-01-21 22:08:56.729 [warning] [Decorations] CAPPING events from decorations provider vscode.git 298
2026-01-21 22:09:01.820 [warning] [Decorations] CAPPING events from decorations provider vscode.git 298
2026-01-21 22:09:07.039 [warning] [Decorations] CAPPING events from decorations provider vscode.git 298
2026-01-21 22:09:12.140 [warning] [Decorations] CAPPING events from decorations provider vscode.git 298
2026-01-21 22:09:17.227 [warning] [Decorations] CAPPING events from decorations provider vscode.git 298
2026-01-21 22:09:22.313 [warning] [Decorations] CAPPING events from decorations provider vscode.git 298
2026-01-21 22:09:27.414 [warning] [Decorations] CAPPING events from decorations provider vscode.git 298
2026-01-21 22:09:32.502 [warning] [Decorations] CAPPING events from decorations provider vscode.git 300
2026-01-21 22:09:37.609 [warning] [Decorations] CAPPING events from decorations provider vscode.git 300
2026-01-21 22:09:42.717 [warning] [Decorations] CAPPING events from decorations provider vscode.git 300
2026-01-21 22:09:47.812 [warning] [Decorations] CAPPING events from decorations provider vscode.git 300
2026-01-21 22:09:52.903 [warning] [Decorations] CAPPING events from decorations provider vscode.git 300
2026-01-21 22:09:57.990 [warning] [Decorations] CAPPING events from decorations provider vscode.git 300
2026-01-21 22:10:03.079 [warning] [Decorations] CAPPING events from decorations provider vscode.git 300
2026-01-21 22:10:08.182 [warning] [Decorations] CAPPING events from decorations provider vscode.git 300
2026-01-21 22:10:13.283 [warning] [Decorations] CAPPING events from decorations provider vscode.git 300
2026-01-21 22:10:18.370 [warning] [Decorations] CAPPING events from decorations provider vscode.git 300
2026-01-21 22:10:23.460 [warning] [Decorations] CAPPING events from decorations provider vscode.git 300
2026-01-21 22:10:28.548 [warning] [Decorations] CAPPING events from decorations provider vscode.git 300
2026-01-21 22:10:33.641 [warning] [Decorations] CAPPING events from decorations provider vscode.git 300
2026-01-21 22:10:38.731 [warning] [Decorations] CAPPING events from decorations provider vscode.git 300
2026-01-21 22:10:43.822 [warning] [Decorations] CAPPING events from decorations provider vscode.git 300
2026-01-21 22:10:48.912 [warning] [Decorations] CAPPING events from decorations provider vscode.git 300
2026-01-21 22:10:54.018 [warning] [Decorations] CAPPING events from decorations provider vscode.git 300
2026-01-21 22:10:59.114 [warning] [Decorations] CAPPING events from decorations provider vscode.git 300
2026-01-21 22:11:04.292 [warning] [Decorations] CAPPING events from decorations provider vscode.git 300
2026-01-21 22:11:09.383 [warning] [Decorations] CAPPING events from decorations provider vscode.git 300
2026-01-21 22:11:14.471 [warning] [Decorations] CAPPING events from decorations provider vscode.git 300
2026-01-21 22:11:19.566 [warning] [Decorations] CAPPING events from decorations provider vscode.git 300
2026-01-21 22:11:24.655 [warning] [Decorations] CAPPING events from decorations provider vscode.git 301
2026-01-21 22:11:29.742 [warning] [Decorations] CAPPING events from decorations provider vscode.git 301
2026-01-21 22:11:34.833 [warning] [Decorations] CAPPING events from decorations provider vscode.git 301
2026-01-21 22:11:39.926 [warning] [Decorations] CAPPING events from decorations provider vscode.git 301
2026-01-21 22:11:45.015 [warning] [Decorations] CAPPING events from decorations provider vscode.git 301
2026-01-21 22:11:50.104 [warning] [Decorations] CAPPING events from decorations provider vscode.git 301
2026-01-21 22:11:55.203 [warning] [Decorations] CAPPING events from decorations provider vscode.git 301
2026-01-21 22:12:00.291 [warning] [Decorations] CAPPING events from decorations provider vscode.git 301
2026-01-21 22:12:05.384 [warning] [Decorations] CAPPING events from decorations provider vscode.git 301
2026-01-21 22:12:10.478 [warning] [Decorations] CAPPING events from decorations provider vscode.git 301
2026-01-21 22:12:15.568 [warning] [Decorations] CAPPING events from decorations provider vscode.git 301
2026-01-21 22:12:20.655 [warning] [Decorations] CAPPING events from decorations provider vscode.git 301
2026-01-21 22:12:25.753 [warning] [Decorations] CAPPING events from decorations provider vscode.git 301
2026-01-21 22:12:30.855 [warning] [Decorations] CAPPING events from decorations provider vscode.git 301
2026-01-21 22:12:35.953 [warning] [Decorations] CAPPING events from decorations provider vscode.git 301
2026-01-21 22:12:41.052 [warning] [Decorations] CAPPING events from decorations provider vscode.git 301
2026-01-21 22:12:46.150 [warning] [Decorations] CAPPING events from decorations provider vscode.git 301
2026-01-21 22:12:51.265 [warning] [Decorations] CAPPING events from decorations provider vscode.git 301
2026-01-21 22:12:56.354 [warning] [Decorations] CAPPING events from decorations provider vscode.git 301
2026-01-21 22:13:01.442 [warning] [Decorations] CAPPING events from decorations provider vscode.git 301
2026-01-21 22:13:06.530 [warning] [Decorations] CAPPING events from decorations provider vscode.git 301
2026-01-21 22:13:29.397 [warning] [Decorations] CAPPING events from decorations provider vscode.git 301
2026-01-21 22:13:36.439 [warning] [Decorations] CAPPING events from decorations provider vscode.git 301
2026-01-21 22:13:41.534 [warning] [Decorations] CAPPING events from decorations provider vscode.git 301
2026-01-21 22:13:46.643 [warning] [Decorations] CAPPING events from decorations provider vscode.git 301
2026-01-21 22:13:52.687 [warning] [Decorations] CAPPING events from decorations provider vscode.git 301
2026-01-21 22:13:57.784 [warning] [Decorations] CAPPING events from decorations provider vscode.git 301
2026-01-21 22:14:02.875 [warning] [Decorations] CAPPING events from decorations provider vscode.git 301
2026-01-21 22:14:07.962 [warning] [Decorations] CAPPING events from decorations provider vscode.git 301
2026-01-21 22:14:13.054 [warning] [Decorations] CAPPING events from decorations provider vscode.git 301
2026-01-21 22:14:18.142 [warning] [Decorations] CAPPING events from decorations provider vscode.git 301
2026-01-21 22:14:23.227 [warning] [Decorations] CAPPING events from decorations provider vscode.git 301
2026-01-21 22:14:28.326 [warning] [Decorations] CAPPING events from decorations provider vscode.git 301
2026-01-21 22:14:33.420 [warning] [Decorations] CAPPING events from decorations provider vscode.git 301
2026-01-21 22:14:38.525 [warning] [Decorations] CAPPING events from decorations provider vscode.git 301
2026-01-21 22:14:43.617 [warning] [Decorations] CAPPING events from decorations provider vscode.git 301
2026-01-21 22:14:48.710 [warning] [Decorations] CAPPING events from decorations provider vscode.git 301
2026-01-21 22:14:53.800 [warning] [Decorations] CAPPING events from decorations provider vscode.git 301
2026-01-21 22:14:58.895 [warning] [Decorations] CAPPING events from decorations provider vscode.git 301
2026-01-21 22:15:04.005 [warning] [Decorations] CAPPING events from decorations provider vscode.git 301
2026-01-21 22:15:09.091 [warning] [Decorations] CAPPING events from decorations provider vscode.git 301
2026-01-21 22:15:14.181 [warning] [Decorations] CAPPING events from decorations provider vscode.git 301
2026-01-21 22:15:19.269 [warning] [Decorations] CAPPING events from decorations provider vscode.git 301
2026-01-21 22:15:24.368 [warning] [Decorations] CAPPING events from decorations provider vscode.git 301
2026-01-21 22:15:29.464 [warning] [Decorations] CAPPING events from decorations provider vscode.git 301
2026-01-21 22:15:34.552 [warning] [Decorations] CAPPING events from decorations provider vscode.git 301
2026-01-21 22:15:39.656 [warning] [Decorations] CAPPING events from decorations provider vscode.git 301
2026-01-21 22:15:44.750 [warning] [Decorations] CAPPING events from decorations provider vscode.git 301
2026-01-21 22:15:49.851 [warning] [Decorations] CAPPING events from decorations provider vscode.git 301
2026-01-21 22:15:54.938 [warning] [Decorations] CAPPING events from decorations provider vscode.git 301
2026-01-21 22:16:00.069 [warning] [Decorations] CAPPING events from decorations provider vscode.git 301
2026-01-21 22:16:05.164 [warning] [Decorations] CAPPING events from decorations provider vscode.git 301
2026-01-21 22:16:10.268 [warning] [Decorations] CAPPING events from decorations provider vscode.git 301
2026-01-21 22:16:15.360 [warning] [Decorations] CAPPING events from decorations provider vscode.git 301
2026-01-21 22:16:20.458 [warning] [Decorations] CAPPING events from decorations provider vscode.git 301
2026-01-21 22:16:25.545 [warning] [Decorations] CAPPING events from decorations provider vscode.git 301
2026-01-21 22:16:30.637 [warning] [Decorations] CAPPING events from decorations provider vscode.git 301
2026-01-21 22:16:35.729 [warning] [Decorations] CAPPING events from decorations provider vscode.git 301
2026-01-21 22:16:40.823 [warning] [Decorations] CAPPING events from decorations provider vscode.git 301
2026-01-21 22:16:45.920 [warning] [Decorations] CAPPING events from decorations provider vscode.git 301
2026-01-21 22:16:51.007 [warning] [Decorations] CAPPING events from decorations provider vscode.git 301
2026-01-21 22:16:56.096 [warning] [Decorations] CAPPING events from decorations provider vscode.git 301
2026-01-21 22:17:01.183 [warning] [Decorations] CAPPING events from decorations provider vscode.git 301
2026-01-21 22:17:06.268 [warning] [Decorations] CAPPING events from decorations provider vscode.git 301
2026-01-21 22:17:11.352 [warning] [Decorations] CAPPING events from decorations provider vscode.git 301
2026-01-21 22:17:16.439 [warning] [Decorations] CAPPING events from decorations provider vscode.git 301
2026-01-21 22:17:21.528 [warning] [Decorations] CAPPING events from decorations provider vscode.git 301
2026-01-21 22:17:26.620 [warning] [Decorations] CAPPING events from decorations provider vscode.git 301
2026-01-21 22:17:31.708 [warning] [Decorations] CAPPING events from decorations provider vscode.git 301
2026-01-21 22:17:36.813 [warning] [Decorations] CAPPING events from decorations provider vscode.git 301
2026-01-21 22:17:41.903 [warning] [Decorations] CAPPING events from decorations provider vscode.git 301
2026-01-21 22:17:47.000 [warning] [Decorations] CAPPING events from decorations provider vscode.git 301
2026-01-21 22:17:52.088 [warning] [Decorations] CAPPING events from decorations provider vscode.git 302
2026-01-21 22:17:57.179 [warning] [Decorations] CAPPING events from decorations provider vscode.git 301
2026-01-21 22:18:02.264 [warning] [Decorations] CAPPING events from decorations provider vscode.git 301
2026-01-21 22:18:07.353 [warning] [Decorations] CAPPING events from decorations provider vscode.git 301
2026-01-21 22:18:12.439 [warning] [Decorations] CAPPING events from decorations provider vscode.git 301
2026-01-21 22:18:17.544 [warning] [Decorations] CAPPING events from decorations provider vscode.git 301
2026-01-21 22:18:22.642 [warning] [Decorations] CAPPING events from decorations provider vscode.git 301
2026-01-21 22:18:27.733 [warning] [Decorations] CAPPING events from decorations provider vscode.git 301
2026-01-21 22:18:32.826 [warning] [Decorations] CAPPING events from decorations provider vscode.git 301
2026-01-21 22:18:37.914 [warning] [Decorations] CAPPING events from decorations provider vscode.git 301
2026-01-21 22:18:43.014 [warning] [Decorations] CAPPING events from decorations provider vscode.git 301
2026-01-21 22:18:48.100 [warning] [Decorations] CAPPING events from decorations provider vscode.git 301
2026-01-21 22:18:53.189 [warning] [Decorations] CAPPING events from decorations provider vscode.git 301
2026-01-21 22:18:58.285 [warning] [Decorations] CAPPING events from decorations provider vscode.git 301
2026-01-21 22:19:03.377 [warning] [Decorations] CAPPING events from decorations provider vscode.git 301
2026-01-21 22:19:08.464 [warning] [Decorations] CAPPING events from decorations provider vscode.git 301
2026-01-21 22:19:13.554 [warning] [Decorations] CAPPING events from decorations provider vscode.git 301
2026-01-21 22:19:18.641 [warning] [Decorations] CAPPING events from decorations provider vscode.git 301
2026-01-21 22:19:23.732 [warning] [Decorations] CAPPING events from decorations provider vscode.git 301
2026-01-21 22:19:28.825 [warning] [Decorations] CAPPING events from decorations provider vscode.git 301
2026-01-21 22:19:33.915 [warning] [Decorations] CAPPING events from decorations provider vscode.git 301
2026-01-21 22:19:39.007 [warning] [Decorations] CAPPING events from decorations provider vscode.git 301
2026-01-21 22:19:44.116 [warning] [Decorations] CAPPING events from decorations provider vscode.git 301
2026-01-21 22:19:49.206 [warning] [Decorations] CAPPING events from decorations provider vscode.git 301
2026-01-21 22:19:54.302 [warning] [Decorations] CAPPING events from decorations provider vscode.git 301
2026-01-21 22:19:59.390 [warning] [Decorations] CAPPING events from decorations provider vscode.git 301
2026-01-21 22:20:04.475 [warning] [Decorations] CAPPING events from decorations provider vscode.git 301
2026-01-21 22:20:09.563 [warning] [Decorations] CAPPING events from decorations provider vscode.git 301
2026-01-21 22:20:14.650 [warning] [Decorations] CAPPING events from decorations provider vscode.git 301
2026-01-21 22:20:19.744 [warning] [Decorations] CAPPING events from decorations provider vscode.git 301
2026-01-21 22:20:24.838 [warning] [Decorations] CAPPING events from decorations provider vscode.git 301
2026-01-21 22:20:29.926 [warning] [Decorations] CAPPING events from decorations provider vscode.git 301
2026-01-21 22:20:35.017 [warning] [Decorations] CAPPING events from decorations provider vscode.git 301
2026-01-21 22:20:40.103 [warning] [Decorations] CAPPING events from decorations provider vscode.git 301
2026-01-21 22:20:45.190 [warning] [Decorations] CAPPING events from decorations provider vscode.git 301
2026-01-21 22:20:50.280 [warning] [Decorations] CAPPING events from decorations provider vscode.git 301
2026-01-21 22:20:55.363 [warning] [Decorations] CAPPING events from decorations provider vscode.git 301
2026-01-21 22:21:00.448 [warning] [Decorations] CAPPING events from decorations provider vscode.git 301
2026-01-21 22:21:05.540 [warning] [Decorations] CAPPING events from decorations provider vscode.git 301
2026-01-21 22:21:10.627 [warning] [Decorations] CAPPING events from decorations provider vscode.git 301
2026-01-21 22:21:15.716 [warning] [Decorations] CAPPING events from decorations provider vscode.git 301
2026-01-21 22:21:20.809 [warning] [Decorations] CAPPING events from decorations provider vscode.git 301
2026-01-21 22:21:25.898 [warning] [Decorations] CAPPING events from decorations provider vscode.git 301
2026-01-21 22:21:30.989 [warning] [Decorations] CAPPING events from decorations provider vscode.git 301
2026-01-21 22:21:36.080 [warning] [Decorations] CAPPING events from decorations provider vscode.git 301
2026-01-21 22:21:41.169 [warning] [Decorations] CAPPING events from decorations provider vscode.git 301
2026-01-21 22:21:46.258 [warning] [Decorations] CAPPING events from decorations provider vscode.git 301
2026-01-21 22:21:51.353 [warning] [Decorations] CAPPING events from decorations provider vscode.git 301
2026-01-21 22:21:56.442 [warning] [Decorations] CAPPING events from decorations provider vscode.git 301
2026-01-21 22:22:01.533 [warning] [Decorations] CAPPING events from decorations provider vscode.git 301
2026-01-21 22:22:06.619 [warning] [Decorations] CAPPING events from decorations provider vscode.git 301
2026-01-21 22:22:11.718 [warning] [Decorations] CAPPING events from decorations provider vscode.git 301
2026-01-21 22:22:16.809 [warning] [Decorations] CAPPING events from decorations provider vscode.git 301
2026-01-21 22:22:21.894 [warning] [Decorations] CAPPING events from decorations provider vscode.git 301
2026-01-21 22:22:26.983 [warning] [Decorations] CAPPING events from decorations provider vscode.git 301
2026-01-21 22:22:32.068 [warning] [Decorations] CAPPING events from decorations provider vscode.git 301
2026-01-21 22:22:37.159 [warning] [Decorations] CAPPING events from decorations provider vscode.git 301
2026-01-21 22:22:42.246 [warning] [Decorations] CAPPING events from decorations provider vscode.git 301
2026-01-21 22:22:47.342 [warning] [Decorations] CAPPING events from decorations provider vscode.git 301
2026-01-21 22:36:34.259 [warning] [Decorations] CAPPING events from decorations provider vscode.git 301
2026-01-21 22:36:39.355 [warning] [Decorations] CAPPING events from decorations provider vscode.git 301
2026-01-21 22:36:44.451 [warning] [Decorations] CAPPING events from decorations provider vscode.git 301
2026-01-21 22:36:49.543 [warning] [Decorations] CAPPING events from decorations provider vscode.git 301
2026-01-21 22:36:54.636 [warning] [Decorations] CAPPING events from decorations provider vscode.git 301
2026-01-21 22:36:59.726 [warning] [Decorations] CAPPING events from decorations provider vscode.git 301
2026-01-21 22:37:04.819 [warning] [Decorations] CAPPING events from decorations provider vscode.git 301
2026-01-21 22:37:09.927 [warning] [Decorations] CAPPING events from decorations provider vscode.git 301
2026-01-21 22:37:15.012 [warning] [Decorations] CAPPING events from decorations provider vscode.git 301
2026-01-21 22:37:20.101 [warning] [Decorations] CAPPING events from decorations provider vscode.git 301
2026-01-21 22:37:25.188 [warning] [Decorations] CAPPING events from decorations provider vscode.git 301
2026-01-21 22:37:30.294 [warning] [Decorations] CAPPING events from decorations provider vscode.git 301
2026-01-21 22:37:35.385 [warning] [Decorations] CAPPING events from decorations provider vscode.git 301
2026-01-21 22:37:40.469 [warning] [Decorations] CAPPING events from decorations provider vscode.git 301
2026-01-21 22:37:45.562 [warning] [Decorations] CAPPING events from decorations provider vscode.git 301
2026-01-21 22:37:50.652 [warning] [Decorations] CAPPING events from decorations provider vscode.git 301
2026-01-21 22:37:55.746 [warning] [Decorations] CAPPING events from decorations provider vscode.git 301
2026-01-21 22:38:00.836 [warning] [Decorations] CAPPING events from decorations provider vscode.git 301
2026-01-21 22:38:05.926 [warning] [Decorations] CAPPING events from decorations provider vscode.git 301
2026-01-21 22:38:11.017 [warning] [Decorations] CAPPING events from decorations provider vscode.git 301
2026-01-21 22:38:16.105 [warning] [Decorations] CAPPING events from decorations provider vscode.git 301
2026-01-21 22:38:21.193 [warning] [Decorations] CAPPING events from decorations provider vscode.git 301
2026-01-21 22:38:26.281 [warning] [Decorations] CAPPING events from decorations provider vscode.git 301
2026-01-21 22:38:31.370 [warning] [Decorations] CAPPING events from decorations provider vscode.git 301
2026-01-21 22:38:36.457 [warning] [Decorations] CAPPING events from decorations provider vscode.git 301
2026-01-21 22:38:41.544 [warning] [Decorations] CAPPING events from decorations provider vscode.git 301
2026-01-21 22:38:46.631 [warning] [Decorations] CAPPING events from decorations provider vscode.git 301
2026-01-21 22:38:51.781 [warning] [Decorations] CAPPING events from decorations provider vscode.git 301
2026-01-21 22:38:56.904 [warning] [Decorations] CAPPING events from decorations provider vscode.git 301
2026-01-21 22:39:02.004 [warning] [Decorations] CAPPING events from decorations provider vscode.git 301
2026-01-21 22:39:07.095 [warning] [Decorations] CAPPING events from decorations provider vscode.git 301
2026-01-21 22:39:12.193 [warning] [Decorations] CAPPING events from decorations provider vscode.git 302
2026-01-21 22:39:17.291 [warning] [Decorations] CAPPING events from decorations provider vscode.git 302
2026-01-21 22:39:22.385 [warning] [Decorations] CAPPING events from decorations provider vscode.git 302
2026-01-21 22:39:27.475 [warning] [Decorations] CAPPING events from decorations provider vscode.git 302
2026-01-21 22:39:32.565 [warning] [Decorations] CAPPING events from decorations provider vscode.git 302
2026-01-21 22:39:37.661 [warning] [Decorations] CAPPING events from decorations provider vscode.git 302
2026-01-21 22:39:42.747 [warning] [Decorations] CAPPING events from decorations provider vscode.git 302
2026-01-21 22:39:47.859 [warning] [Decorations] CAPPING events from decorations provider vscode.git 301
2026-01-21 22:39:52.967 [warning] [Decorations] CAPPING events from decorations provider vscode.git 301
2026-01-21 22:39:58.060 [warning] [Decorations] CAPPING events from decorations provider vscode.git 302
2026-01-21 22:40:03.150 [warning] [Decorations] CAPPING events from decorations provider vscode.git 302
2026-01-21 22:40:08.244 [warning] [Decorations] CAPPING events from decorations provider vscode.git 302
2026-01-21 22:40:13.337 [warning] [Decorations] CAPPING events from decorations provider vscode.git 302
2026-01-21 22:40:18.435 [warning] [Decorations] CAPPING events from decorations provider vscode.git 302
2026-01-21 22:40:23.554 [warning] [Decorations] CAPPING events from decorations provider vscode.git 302
2026-01-21 22:40:28.649 [warning] [Decorations] CAPPING events from decorations provider vscode.git 302
2026-01-21 22:40:33.738 [warning] [Decorations] CAPPING events from decorations provider vscode.git 302
2026-01-21 22:40:38.826 [warning] [Decorations] CAPPING events from decorations provider vscode.git 302
2026-01-21 22:40:43.917 [warning] [Decorations] CAPPING events from decorations provider vscode.git 302
2026-01-21 22:40:49.005 [warning] [Decorations] CAPPING events from decorations provider vscode.git 302
2026-01-21 22:40:54.097 [warning] [Decorations] CAPPING events from decorations provider vscode.git 302
2026-01-21 22:40:59.189 [warning] [Decorations] CAPPING events from decorations provider vscode.git 302
2026-01-21 22:41:04.281 [warning] [Decorations] CAPPING events from decorations provider vscode.git 302
2026-01-21 22:41:09.370 [warning] [Decorations] CAPPING events from decorations provider vscode.git 302
2026-01-21 22:41:14.461 [warning] [Decorations] CAPPING events from decorations provider vscode.git 302
2026-01-21 22:41:19.551 [warning] [Decorations] CAPPING events from decorations provider vscode.git 302
2026-01-21 22:41:24.645 [warning] [Decorations] CAPPING events from decorations provider vscode.git 302
2026-01-21 22:41:29.750 [warning] [Decorations] CAPPING events from decorations provider vscode.git 302
2026-01-21 22:41:34.853 [warning] [Decorations] CAPPING events from decorations provider vscode.git 302
2026-01-21 22:41:39.941 [warning] [Decorations] CAPPING events from decorations provider vscode.git 302
2026-01-21 22:41:45.041 [warning] [Decorations] CAPPING events from decorations provider vscode.git 302
2026-01-21 22:41:50.136 [warning] [Decorations] CAPPING events from decorations provider vscode.git 302
2026-01-21 22:41:55.224 [warning] [Decorations] CAPPING events from decorations provider vscode.git 302
2026-01-21 22:42:00.322 [warning] [Decorations] CAPPING events from decorations provider vscode.git 302
2026-01-21 22:42:05.416 [warning] [Decorations] CAPPING events from decorations provider vscode.git 302
2026-01-21 22:42:10.513 [warning] [Decorations] CAPPING events from decorations provider vscode.git 302
2026-01-21 22:42:15.610 [warning] [Decorations] CAPPING events from decorations provider vscode.git 302
2026-01-21 22:42:20.696 [warning] [Decorations] CAPPING events from decorations provider vscode.git 302
2026-01-21 22:42:25.783 [warning] [Decorations] CAPPING events from decorations provider vscode.git 302
2026-01-21 22:42:30.867 [warning] [Decorations] CAPPING events from decorations provider vscode.git 302
2026-01-21 22:42:35.962 [warning] [Decorations] CAPPING events from decorations provider vscode.git 302
2026-01-21 22:42:41.055 [warning] [Decorations] CAPPING events from decorations provider vscode.git 302
2026-01-21 22:42:46.176 [warning] [Decorations] CAPPING events from decorations provider vscode.git 302
2026-01-21 22:42:51.264 [warning] [Decorations] CAPPING events from decorations provider vscode.git 302
2026-01-21 22:42:56.358 [warning] [Decorations] CAPPING events from decorations provider vscode.git 302
2026-01-21 22:43:01.462 [warning] [Decorations] CAPPING events from decorations provider vscode.git 302
2026-01-21 22:43:06.581 [warning] [Decorations] CAPPING events from decorations provider vscode.git 302
2026-01-21 22:43:11.686 [warning] [Decorations] CAPPING events from decorations provider vscode.git 302
2026-01-21 22:43:16.787 [warning] [Decorations] CAPPING events from decorations provider vscode.git 302
2026-01-21 22:43:21.884 [warning] [Decorations] CAPPING events from decorations provider vscode.git 302
2026-01-21 22:43:26.981 [warning] [Decorations] CAPPING events from decorations provider vscode.git 302
2026-01-21 22:43:32.072 [warning] [Decorations] CAPPING events from decorations provider vscode.git 302
2026-01-21 22:43:37.165 [warning] [Decorations] CAPPING events from decorations provider vscode.git 302
2026-01-21 22:43:42.292 [warning] [Decorations] CAPPING events from decorations provider vscode.git 302
2026-01-21 22:43:47.388 [warning] [Decorations] CAPPING events from decorations provider vscode.git 302
2026-01-21 22:43:52.476 [warning] [Decorations] CAPPING events from decorations provider vscode.git 302
2026-01-21 22:43:57.642 [warning] [Decorations] CAPPING events from decorations provider vscode.git 302
2026-01-21 22:44:02.737 [warning] [Decorations] CAPPING events from decorations provider vscode.git 302
2026-01-21 22:44:07.828 [warning] [Decorations] CAPPING events from decorations provider vscode.git 302
2026-01-21 22:44:12.939 [warning] [Decorations] CAPPING events from decorations provider vscode.git 302
2026-01-21 22:44:18.028 [warning] [Decorations] CAPPING events from decorations provider vscode.git 302
2026-01-21 22:44:23.116 [warning] [Decorations] CAPPING events from decorations provider vscode.git 302
2026-01-21 22:44:28.326 [warning] [Decorations] CAPPING events from decorations provider vscode.git 302
2026-01-21 22:44:33.418 [warning] [Decorations] CAPPING events from decorations provider vscode.git 302
2026-01-21 22:44:38.511 [warning] [Decorations] CAPPING events from decorations provider vscode.git 302
2026-01-21 22:44:43.608 [warning] [Decorations] CAPPING events from decorations provider vscode.git 302
2026-01-21 22:44:48.706 [warning] [Decorations] CAPPING events from decorations provider vscode.git 302
2026-01-21 22:44:53.820 [warning] [Decorations] CAPPING events from decorations provider vscode.git 302
2026-01-21 22:44:58.911 [warning] [Decorations] CAPPING events from decorations provider vscode.git 302
2026-01-21 22:45:03.999 [warning] [Decorations] CAPPING events from decorations provider vscode.git 302
2026-01-21 22:45:09.108 [warning] [Decorations] CAPPING events from decorations provider vscode.git 302
2026-01-21 22:45:14.206 [warning] [Decorations] CAPPING events from decorations provider vscode.git 302
2026-01-21 22:45:19.296 [warning] [Decorations] CAPPING events from decorations provider vscode.git 302
2026-01-21 22:45:24.384 [warning] [Decorations] CAPPING events from decorations provider vscode.git 302
2026-01-21 22:45:29.469 [warning] [Decorations] CAPPING events from decorations provider vscode.git 302
2026-01-21 22:45:34.560 [warning] [Decorations] CAPPING events from decorations provider vscode.git 302
2026-01-21 22:45:39.652 [warning] [Decorations] CAPPING events from decorations provider vscode.git 302
2026-01-21 22:45:44.738 [warning] [Decorations] CAPPING events from decorations provider vscode.git 302
2026-01-21 22:45:49.842 [warning] [Decorations] CAPPING events from decorations provider vscode.git 302
2026-01-21 22:45:54.928 [warning] [Decorations] CAPPING events from decorations provider vscode.git 302
2026-01-21 22:46:00.034 [warning] [Decorations] CAPPING events from decorations provider vscode.git 302
2026-01-21 22:46:05.121 [warning] [Decorations] CAPPING events from decorations provider vscode.git 302
2026-01-21 22:46:10.250 [warning] [Decorations] CAPPING events from decorations provider vscode.git 302
2026-01-21 22:46:15.341 [warning] [Decorations] CAPPING events from decorations provider vscode.git 302
2026-01-21 22:46:20.426 [warning] [Decorations] CAPPING events from decorations provider vscode.git 302
2026-01-21 22:46:25.514 [warning] [Decorations] CAPPING events from decorations provider vscode.git 302
2026-01-21 22:46:30.618 [warning] [Decorations] CAPPING events from decorations provider vscode.git 302
2026-01-21 22:46:35.728 [warning] [Decorations] CAPPING events from decorations provider vscode.git 302
2026-01-21 22:46:40.823 [warning] [Decorations] CAPPING events from decorations provider vscode.git 302
2026-01-21 22:46:45.913 [warning] [Decorations] CAPPING events from decorations provider vscode.git 302
2026-01-21 22:46:51.000 [warning] [Decorations] CAPPING events from decorations provider vscode.git 302
2026-01-21 22:46:56.112 [warning] [Decorations] CAPPING events from decorations provider vscode.git 302
2026-01-21 22:47:01.203 [warning] [Decorations] CAPPING events from decorations provider vscode.git 302
2026-01-21 22:47:06.293 [warning] [Decorations] CAPPING events from decorations provider vscode.git 302
2026-01-21 22:47:11.385 [warning] [Decorations] CAPPING events from decorations provider vscode.git 302
2026-01-21 22:47:16.474 [warning] [Decorations] CAPPING events from decorations provider vscode.git 302
2026-01-21 22:47:21.565 [warning] [Decorations] CAPPING events from decorations provider vscode.git 302
2026-01-21 22:47:26.660 [warning] [Decorations] CAPPING events from decorations provider vscode.git 302
2026-01-21 22:47:31.753 [warning] [Decorations] CAPPING events from decorations provider vscode.git 302
2026-01-21 22:47:36.850 [warning] [Decorations] CAPPING events from decorations provider vscode.git 302
2026-01-21 22:47:41.945 [warning] [Decorations] CAPPING events from decorations provider vscode.git 302
2026-01-21 22:47:47.035 [warning] [Decorations] CAPPING events from decorations provider vscode.git 302
2026-01-21 22:47:52.153 [warning] [Decorations] CAPPING events from decorations provider vscode.git 302
2026-01-21 22:47:57.252 [warning] [Decorations] CAPPING events from decorations provider vscode.git 302
2026-01-21 22:48:02.367 [warning] [Decorations] CAPPING events from decorations provider vscode.git 302
2026-01-21 22:48:07.473 [warning] [Decorations] CAPPING events from decorations provider vscode.git 302
2026-01-21 22:48:12.570 [warning] [Decorations] CAPPING events from decorations provider vscode.git 302
2026-01-21 22:48:17.663 [warning] [Decorations] CAPPING events from decorations provider vscode.git 302
2026-01-21 22:48:22.766 [warning] [Decorations] CAPPING events from decorations provider vscode.git 302
2026-01-21 22:48:27.873 [warning] [Decorations] CAPPING events from decorations provider vscode.git 302
2026-01-21 22:48:53.772 [warning] [Decorations] CAPPING events from decorations provider vscode.git 302
2026-01-21 22:48:58.861 [warning] [Decorations] CAPPING events from decorations provider vscode.git 302
2026-01-21 22:49:03.952 [warning] [Decorations] CAPPING events from decorations provider vscode.git 302
2026-01-21 22:49:09.041 [warning] [Decorations] CAPPING events from decorations provider vscode.git 302
2026-01-21 22:49:14.139 [warning] [Decorations] CAPPING events from decorations provider vscode.git 302
2026-01-21 22:49:19.252 [warning] [Decorations] CAPPING events from decorations provider vscode.git 302
2026-01-21 22:49:24.342 [warning] [Decorations] CAPPING events from decorations provider vscode.git 302
2026-01-21 22:49:29.536 [warning] [Decorations] CAPPING events from decorations provider vscode.git 302
2026-01-21 22:49:34.631 [warning] [Decorations] CAPPING events from decorations provider vscode.git 302
2026-01-21 22:49:39.725 [warning] [Decorations] CAPPING events from decorations provider vscode.git 302
2026-01-21 22:49:44.817 [warning] [Decorations] CAPPING events from decorations provider vscode.git 302
2026-01-21 22:49:49.927 [warning] [Decorations] CAPPING events from decorations provider vscode.git 302
2026-01-21 22:49:55.022 [warning] [Decorations] CAPPING events from decorations provider vscode.git 302
2026-01-21 22:50:00.110 [warning] [Decorations] CAPPING events from decorations provider vscode.git 302
2026-01-21 22:50:05.208 [warning] [Decorations] CAPPING events from decorations provider vscode.git 302
2026-01-21 22:50:10.306 [warning] [Decorations] CAPPING events from decorations provider vscode.git 302
2026-01-21 22:50:15.396 [warning] [Decorations] CAPPING events from decorations provider vscode.git 302
2026-01-21 22:50:20.605 [warning] [Decorations] CAPPING events from decorations provider vscode.git 302
2026-01-21 22:50:25.701 [warning] [Decorations] CAPPING events from decorations provider vscode.git 302
2026-01-21 22:50:30.796 [warning] [Decorations] CAPPING events from decorations provider vscode.git 302
2026-01-21 22:50:35.888 [warning] [Decorations] CAPPING events from decorations provider vscode.git 302
2026-01-21 22:50:40.981 [warning] [Decorations] CAPPING events from decorations provider vscode.git 302
2026-01-21 22:50:46.090 [warning] [Decorations] CAPPING events from decorations provider vscode.git 302
2026-01-21 22:50:51.190 [warning] [Decorations] CAPPING events from decorations provider vscode.git 302
2026-01-21 22:50:56.302 [warning] [Decorations] CAPPING events from decorations provider vscode.git 302
2026-01-21 22:51:01.395 [warning] [Decorations] CAPPING events from decorations provider vscode.git 302
2026-01-21 22:51:06.489 [warning] [Decorations] CAPPING events from decorations provider vscode.git 302
2026-01-21 22:51:11.581 [warning] [Decorations] CAPPING events from decorations provider vscode.git 302
2026-01-21 22:51:16.689 [warning] [Decorations] CAPPING events from decorations provider vscode.git 302
2026-01-21 22:51:21.777 [warning] [Decorations] CAPPING events from decorations provider vscode.git 302
2026-01-21 22:51:26.889 [warning] [Decorations] CAPPING events from decorations provider vscode.git 302
2026-01-21 22:51:32.005 [warning] [Decorations] CAPPING events from decorations provider vscode.git 302
2026-01-21 22:51:37.150 [warning] [Decorations] CAPPING events from decorations provider vscode.git 302
2026-01-21 22:51:42.248 [warning] [Decorations] CAPPING events from decorations provider vscode.git 302
2026-01-21 22:51:47.338 [warning] [Decorations] CAPPING events from decorations provider vscode.git 302
2026-01-21 22:51:52.429 [warning] [Decorations] CAPPING events from decorations provider vscode.git 302
2026-01-21 22:51:57.537 [warning] [Decorations] CAPPING events from decorations provider vscode.git 302
2026-01-21 22:52:02.643 [warning] [Decorations] CAPPING events from decorations provider vscode.git 302
2026-01-21 22:52:07.735 [warning] [Decorations] CAPPING events from decorations provider vscode.git 302
2026-01-21 22:52:12.828 [warning] [Decorations] CAPPING events from decorations provider vscode.git 302
2026-01-21 22:52:17.915 [warning] [Decorations] CAPPING events from decorations provider vscode.git 302
2026-01-21 22:52:23.005 [warning] [Decorations] CAPPING events from decorations provider vscode.git 302
2026-01-21 22:52:28.107 [warning] [Decorations] CAPPING events from decorations provider vscode.git 302
2026-01-21 22:52:33.206 [warning] [Decorations] CAPPING events from decorations provider vscode.git 302
2026-01-21 22:52:38.296 [warning] [Decorations] CAPPING events from decorations provider vscode.git 302
2026-01-21 22:52:43.387 [warning] [Decorations] CAPPING events from decorations provider vscode.git 302
2026-01-21 22:52:48.481 [warning] [Decorations] CAPPING events from decorations provider vscode.git 302
2026-01-21 22:52:53.585 [warning] [Decorations] CAPPING events from decorations provider vscode.git 302
2026-01-21 22:52:58.687 [warning] [Decorations] CAPPING events from decorations provider vscode.git 302
2026-01-21 22:53:03.787 [warning] [Decorations] CAPPING events from decorations provider vscode.git 302
2026-01-21 22:53:08.889 [warning] [Decorations] CAPPING events from decorations provider vscode.git 302
2026-01-21 22:53:13.987 [warning] [Decorations] CAPPING events from decorations provider vscode.git 302
2026-01-21 22:53:19.155 [warning] [Decorations] CAPPING events from decorations provider vscode.git 302
2026-01-21 22:53:24.248 [warning] [Decorations] CAPPING events from decorations provider vscode.git 302
2026-01-21 22:53:29.343 [warning] [Decorations] CAPPING events from decorations provider vscode.git 302
2026-01-21 22:53:34.456 [warning] [Decorations] CAPPING events from decorations provider vscode.git 302
2026-01-21 22:53:39.548 [warning] [Decorations] CAPPING events from decorations provider vscode.git 302
2026-01-21 22:53:44.670 [warning] [Decorations] CAPPING events from decorations provider vscode.git 302
2026-01-21 22:53:49.758 [warning] [Decorations] CAPPING events from decorations provider vscode.git 302
2026-01-21 22:53:54.843 [warning] [Decorations] CAPPING events from decorations provider vscode.git 302
2026-01-21 22:53:59.931 [warning] [Decorations] CAPPING events from decorations provider vscode.git 302
2026-01-21 22:54:05.022 [warning] [Decorations] CAPPING events from decorations provider vscode.git 302
2026-01-21 22:54:10.120 [warning] [Decorations] CAPPING events from decorations provider vscode.git 302
2026-01-21 22:54:15.206 [warning] [Decorations] CAPPING events from decorations provider vscode.git 302
2026-01-21 22:54:20.295 [warning] [Decorations] CAPPING events from decorations provider vscode.git 302
2026-01-21 22:54:25.390 [warning] [Decorations] CAPPING events from decorations provider vscode.git 302
2026-01-21 22:54:30.485 [warning] [Decorations] CAPPING events from decorations provider vscode.git 302
2026-01-21 22:54:35.577 [warning] [Decorations] CAPPING events from decorations provider vscode.git 303
2026-01-21 22:55:07.102 [warning] [Decorations] CAPPING events from decorations provider vscode.git 302
