2026-01-21 22:00:49.866 [info] Reading sessions from keychain...
2026-01-21 22:00:49.866 [info] Getting sessions for all scopes...
2026-01-21 22:00:49.866 [info] Got 0 sessions for ...
2026-01-21 22:00:49.866 [info] Getting sessions for all scopes...
2026-01-21 22:00:49.866 [info] Got 0 sessions for ...
2026-01-21 22:00:49.866 [info] Getting sessions for all scopes...
2026-01-21 22:00:49.866 [info] Got 0 sessions for ...
2026-01-21 22:00:49.866 [info] Getting sessions for all scopes...
2026-01-21 22:00:49.866 [info] Got 0 sessions for ...
2026-01-21 22:00:49.866 [info] Getting sessions for all scopes...
2026-01-21 22:00:49.866 [info] Got 0 sessions for ...
2026-01-21 22:00:49.866 [info] Getting sessions for all scopes...
2026-01-21 22:00:49.866 [info] Got 0 sessions for ...
2026-01-21 22:00:49.866 [info] Getting sessions for all scopes...
2026-01-21 22:00:49.866 [info] Got 0 sessions for ...
2026-01-21 22:00:49.866 [info] Getting sessions for all scopes...
2026-01-21 22:00:49.866 [info] Got 0 sessions for ...
2026-01-21 22:00:49.866 [info] Getting sessions for all scopes...
2026-01-21 22:00:49.866 [info] Got 0 sessions for ...
2026-01-21 22:00:50.113 [info] Getting sessions for all scopes...
2026-01-21 22:00:50.113 [info] Got 0 sessions for ...
2026-01-21 22:00:50.114 [info] Getting sessions for all scopes...
2026-01-21 22:00:50.114 [info] Got 0 sessions for ...
2026-01-21 22:00:50.115 [info] Getting sessions for all scopes...
2026-01-21 22:00:50.115 [info] Got 0 sessions for ...
2026-01-21 22:00:50.115 [info] Getting sessions for all scopes...
2026-01-21 22:00:50.115 [info] Got 0 sessions for ...
2026-01-21 22:00:50.115 [info] Getting sessions for all scopes...
2026-01-21 22:00:50.115 [info] Got 0 sessions for ...
2026-01-21 22:00:50.116 [info] Getting sessions for all scopes...
2026-01-21 22:00:50.116 [info] Got 0 sessions for ...
2026-01-21 22:00:51.347 [info] Getting sessions for all scopes...
2026-01-21 22:00:51.347 [info] Got 0 sessions for ...
2026-01-21 22:01:01.921 [info] Reading sessions from keychain...
2026-01-21 22:01:01.921 [info] Getting sessions for all scopes...
2026-01-21 22:01:01.946 [info] Got 0 sessions for ...
2026-01-21 22:01:01.949 [info] Getting sessions for all scopes...
2026-01-21 22:01:01.949 [info] Got 0 sessions for ...
2026-01-21 22:01:01.949 [info] Getting sessions for all scopes...
2026-01-21 22:01:01.949 [info] Got 0 sessions for ...
2026-01-21 22:01:01.949 [info] Getting sessions for all scopes...
2026-01-21 22:01:01.949 [info] Got 0 sessions for ...
2026-01-21 22:01:01.950 [info] Getting sessions for all scopes...
2026-01-21 22:01:01.950 [info] Got 0 sessions for ...
2026-01-21 22:01:01.950 [info] Getting sessions for all scopes...
2026-01-21 22:01:01.950 [info] Got 0 sessions for ...
2026-01-21 22:01:01.950 [info] Getting sessions for all scopes...
2026-01-21 22:01:01.950 [info] Got 0 sessions for ...
2026-01-21 22:01:01.950 [info] Getting sessions for all scopes...
2026-01-21 22:01:01.950 [info] Got 0 sessions for ...
2026-01-21 22:01:01.950 [info] Getting sessions for all scopes...
2026-01-21 22:01:01.950 [info] Got 0 sessions for ...
2026-01-21 22:01:01.959 [info] Getting sessions for all scopes...
2026-01-21 22:01:01.959 [info] Got 0 sessions for ...
2026-01-21 22:01:01.972 [info] Getting sessions for all scopes...
2026-01-21 22:01:01.973 [info] Got 0 sessions for ...
2026-01-21 22:01:01.973 [info] Getting sessions for all scopes...
2026-01-21 22:01:01.973 [info] Got 0 sessions for ...
2026-01-21 22:01:01.973 [info] Getting sessions for all scopes...
2026-01-21 22:01:01.973 [info] Got 0 sessions for ...
2026-01-21 22:01:01.974 [info] Getting sessions for all scopes...
2026-01-21 22:01:01.974 [info] Got 0 sessions for ...
2026-01-21 22:01:01.974 [info] Getting sessions for all scopes...
2026-01-21 22:01:01.974 [info] Got 0 sessions for ...
2026-01-21 22:01:03.079 [info] Getting sessions for all scopes...
2026-01-21 22:01:03.079 [info] Got 0 sessions for ...
2026-01-21 22:01:05.228 [info] Getting sessions for read:user,repo,user:email,workflow...
2026-01-21 22:01:05.228 [info] Got 0 sessions for read:user,repo,user:email,workflow...
2026-01-21 22:02:51.742 [info] Getting sessions for read:user,repo,user:email,workflow...
2026-01-21 22:02:51.742 [info] Got 0 sessions for read:user,repo,user:email,workflow...
